Started by user ba016803
Building remotely on 8514:Server 2003
Updating http://***.corp/svn/experimental/ba016803/hudBug
At revision 27764
no change for http://***.corp/svn/experimental/ba016803/hudBug since the previous build

C:\hudson>get-tool jdk-1.5.0_20 

C:\hudson>call :DoLock jdk-1.5.0_20 

C:\hudson>mkdir C:\hudson\tool\tmp\locks\jdk-1.5.0_20   && goto :EOF 

C:\hudson>call :IsInstalled jdk-1.5.0_20 

C:\hudson>if exist C:\hudson\tool\tmp\installed.jdk-1.5.0_20 (set _ret=1  )  else (set _ret=0  ) 

C:\hudson>goto :EOF 

C:\hudson>if 1 == 1 (echo "jdk-1.5.0_20 already installed"  )  else (call :Install jdk-1.5.0_20  ) 
"jdk-1.5.0_20 already installed" 

C:\hudson>call :DoUnlock jdk-1.5.0_20 

C:\hudson>rd /Q /S C:\hudson\tool\tmp\locks\jdk-1.5.0_20 

C:\hudson>goto :EOF 

C:\hudson>goto :EOF 
file:/C:/hudson/jdk/1.5.0_20/

C:\hudson>get-tool maven-2.0.10 

C:\hudson>call :DoLock maven-2.0.10 

C:\hudson>mkdir C:\hudson\tool\tmp\locks\maven-2.0.10   && goto :EOF 

C:\hudson>call :IsInstalled maven-2.0.10 

C:\hudson>if exist C:\hudson\tool\tmp\installed.maven-2.0.10 (set _ret=1  )  else (set _ret=0  ) 

C:\hudson>goto :EOF 

C:\hudson>if 1 == 1 (echo "maven-2.0.10 already installed"  )  else (call :Install maven-2.0.10  ) 
"maven-2.0.10 already installed" 

C:\hudson>call :DoUnlock maven-2.0.10 

C:\hudson>rd /Q /S C:\hudson\tool\tmp\locks\maven-2.0.10 

C:\hudson>goto :EOF 

C:\hudson>goto :EOF 
file:/C:/hudson/maven/2.0.10/
Parsing POMs

C:\hudson>get-tool maven-2.0.10 

C:\hudson>call :DoLock maven-2.0.10 

C:\hudson>mkdir C:\hudson\tool\tmp\locks\maven-2.0.10   && goto :EOF 

C:\hudson>call :IsInstalled maven-2.0.10 

C:\hudson>if exist C:\hudson\tool\tmp\installed.maven-2.0.10 (set _ret=1  )  else (set _ret=0  ) 

C:\hudson>goto :EOF 

C:\hudson>if 1 == 1 (echo "maven-2.0.10 already installed"  )  else (call :Install maven-2.0.10  ) 
"maven-2.0.10 already installed" 

C:\hudson>call :DoUnlock maven-2.0.10 

C:\hudson>rd /Q /S C:\hudson\tool\tmp\locks\maven-2.0.10 

C:\hudson>goto :EOF 

C:\hudson>goto :EOF 
file:/C:/hudson/maven/2.0.10/

C:\hudson>get-tool jdk-1.5.0_20 

C:\hudson>call :DoLock jdk-1.5.0_20 

C:\hudson>mkdir C:\hudson\tool\tmp\locks\jdk-1.5.0_20   && goto :EOF 

C:\hudson>call :IsInstalled jdk-1.5.0_20 

C:\hudson>if exist C:\hudson\tool\tmp\installed.jdk-1.5.0_20 (set _ret=1  )  else (set _ret=0  ) 

C:\hudson>goto :EOF 

C:\hudson>if 1 == 1 (echo "jdk-1.5.0_20 already installed"  )  else (call :Install jdk-1.5.0_20  ) 
"jdk-1.5.0_20 already installed" 

C:\hudson>call :DoUnlock jdk-1.5.0_20 

C:\hudson>rd /Q /S C:\hudson\tool\tmp\locks\jdk-1.5.0_20 

C:\hudson>goto :EOF 

C:\hudson>goto :EOF 
file:/C:/hudson/jdk/1.5.0_20/

C:\hudson>get-tool maven-2.0.10 

C:\hudson>call :DoLock maven-2.0.10 

C:\hudson>mkdir C:\hudson\tool\tmp\locks\maven-2.0.10   && goto :EOF 

C:\hudson>call :IsInstalled maven-2.0.10 

C:\hudson>if exist C:\hudson\tool\tmp\installed.maven-2.0.10 (set _ret=1  )  else (set _ret=0  ) 

C:\hudson>goto :EOF 

C:\hudson>if 1 == 1 (echo "maven-2.0.10 already installed"  )  else (call :Install maven-2.0.10  ) 
"maven-2.0.10 already installed" 

C:\hudson>call :DoUnlock maven-2.0.10 

C:\hudson>rd /Q /S C:\hudson\tool\tmp\locks\maven-2.0.10 

C:\hudson>goto :EOF 

C:\hudson>goto :EOF 
file:/C:/hudson/maven/2.0.10/

C:\hudson>get-tool jdk-1.5.0_20 

C:\hudson>call :DoLock jdk-1.5.0_20 

C:\hudson>mkdir C:\hudson\tool\tmp\locks\jdk-1.5.0_20   && goto :EOF 

C:\hudson>call :IsInstalled jdk-1.5.0_20 

C:\hudson>if exist C:\hudson\tool\tmp\installed.jdk-1.5.0_20 (set _ret=1  )  else (set _ret=0  ) 

C:\hudson>goto :EOF 

C:\hudson>if 1 == 1 (echo "jdk-1.5.0_20 already installed"  )  else (call :Install jdk-1.5.0_20  ) 
"jdk-1.5.0_20 already installed" 

C:\hudson>call :DoUnlock jdk-1.5.0_20 

C:\hudson>rd /Q /S C:\hudson\tool\tmp\locks\jdk-1.5.0_20 

C:\hudson>goto :EOF 

C:\hudson>goto :EOF 
file:/C:/hudson/jdk/1.5.0_20/
<===[HUDSON REMOTING CAPACITY]===>���channel started
Executing Maven:  -B -f /hudson/workspace/hhhudBug/hudBug/pom.xml clean site verify
[INFO] Scanning for projects...
[INFO] Reactor build order: 
[INFO]   Example A
[INFO]   Example Parent
[INFO] ------------------------------------------------------------------------
[INFO] Building Example A
[INFO]    task-segment: [clean, site, verify]
[INFO] ------------------------------------------------------------------------
[INFO] ------------------------------------------------------------------------
[ERROR] FATAL ERROR
[INFO] ------------------------------------------------------------------------
[INFO] reporters.get(com.example:example-a)==null. reporters={com.example:example-parent=[hudson.maven.reporters.BuildInfoRecorder@14d8a08, hudson.maven.reporters.MavenSiteArchiver@1a1472d, hudson.maven.reporters.MavenJavadocArchiver@147ff11, hudson.maven.reporters.MavenArtifactArchiver@1bae5f5, hudson.maven.reporters.SurefireArchiver@14f7121, hudson.maven.reporters.MavenFingerprinter@8c5a4f]} proxies={com.example:example-parent=hudson.maven.MavenModuleSetBuild$Builder$FilterImpl@7d093a}
[INFO] ------------------------------------------------------------------------
[INFO] Trace
java.lang.AssertionError: reporters.get(com.example:example-a)==null. reporters={com.example:example-parent=[hudson.maven.reporters.BuildInfoRecorder@14d8a08, hudson.maven.reporters.MavenSiteArchiver@1a1472d, hudson.maven.reporters.MavenJavadocArchiver@147ff11, hudson.maven.reporters.MavenArtifactArchiver@1bae5f5, hudson.maven.reporters.SurefireArchiver@14f7121, hudson.maven.reporters.MavenFingerprinter@8c5a4f]} proxies={com.example:example-parent=hudson.maven.MavenModuleSetBuild$Builder$FilterImpl@7d093a}
	at hudson.maven.MavenModuleSetBuild$Builder.postModule(MavenModuleSetBuild.java:718)
	at hudson.maven.MavenBuilder$Adapter.fireLeaveModule(MavenBuilder.java:304)
	at hudson.maven.MavenBuilder$Adapter.postBuild(MavenBuilder.java:262)
	at org.apache.maven.lifecycle.LifecycleExecutorInterceptor.execute(LifecycleExecutorInterceptor.java:68)
	at org.apache.maven.DefaultMaven.doExecute(DefaultMaven.java:336)
	at org.apache.maven.DefaultMaven.execute(DefaultMaven.java:129)
	at org.apache.maven.cli.MavenCli.main(MavenCli.java:301)
	at sun.reflect.NativeMethodAccessorImpl.invoke0(Native Method)
	at sun.reflect.NativeMethodAccessorImpl.invoke(NativeMethodAccessorImpl.java:39)
	at sun.reflect.DelegatingMethodAccessorImpl.invoke(DelegatingMethodAccessorImpl.java:25)
	at java.lang.reflect.Method.invoke(Method.java:592)
	at org.codehaus.classworlds.Launcher.launchEnhanced(Launcher.java:315)
	at org.codehaus.classworlds.Launcher.launch(Launcher.java:255)
	at hudson.maven.agent.Main.launch(Main.java:165)
	at hudson.maven.MavenBuilder.call(MavenBuilder.java:159)
	at hudson.maven.MavenModuleSetBuild$Builder.call(MavenModuleSetBuild.java:688)
	at hudson.maven.MavenModuleSetBuild$Builder.call(MavenModuleSetBuild.java:634)
	at hudson.remoting.UserRequest.perform(UserRequest.java:104)
	at hudson.remoting.UserRequest.perform(UserRequest.java:48)
	at hudson.remoting.Request$2.run(Request.java:244)
	at java.util.concurrent.Executors$RunnableAdapter.call(Executors.java:417)
	at java.util.concurrent.FutureTask$Sync.innerRun(FutureTask.java:269)
	at java.util.concurrent.FutureTask.run(FutureTask.java:123)
	at java.util.concurrent.ThreadPoolExecutor$Worker.runTask(ThreadPoolExecutor.java:651)
	at java.util.concurrent.ThreadPoolExecutor$Worker.run(ThreadPoolExecutor.java:676)
	at java.lang.Thread.run(Thread.java:595)
[INFO] ------------------------------------------------------------------------
[INFO] Total time: 1 second
[INFO] Finished at: Wed Nov 04 12:08:12 CST 2009
[INFO] Final Memory: 3M/7M
[INFO] ------------------------------------------------------------------------
channel stopped
Finished: FAILURE
